// Vitest Snapshot v1, https://vitest.dev/guide/snapshot.html

exports[`invariant — determinismo de deriveCivicJourney > matches snapshot 1`] = `
{
  "arc": {
    "beats": [
      {
        "datePrecision": "exact",
        "description": "costa",
        "emoji": "📍",
        "kind": "district_activated",
        "provenance": "event",
        "sourceType": "mission",
        "timestamp": "2025-05-01T00:00:00Z",
        "title": "miraflores",
      },
      {
        "datePrecision": "exact",
        "description": "miraflores",
        "emoji": "🚀",
        "kind": "joined_mission",
        "provenance": "event",
        "sourceId": "m2",
        "sourceType": "mission",
        "timestamp": "2025-05-01T00:00:00Z",
        "title": "Limpieza de playa",
      },
      {
        "datePrecision": "exact",
        "description": "miraflores",
        "emoji": "✅",
        "kind": "completed_mission",
        "provenance": "event",
        "sourceId": "m2",
        "sourceType": "mission",
        "timestamp": "2025-05-20T00:00:00Z",
        "title": "Limpieza de playa",
      },
      {
        "datePrecision": "exact",
        "description": "costa",
        "emoji": "📍",
        "kind": "district_activated",
        "provenance": "event",
        "sourceType": "mission",
        "timestamp": "2025-06-01T00:00:00Z",
        "title": "barranco",
      },
      {
        "datePrecision": "exact",
        "description": "barranco",
        "emoji": "🚀",
        "kind": "joined_mission",
        "provenance": "event",
        "sourceId": "m1",
        "sourceType": "mission",
        "timestamp": "2025-06-01T00:00:00Z",
        "title": "Reforestación",
      },
      {
        "datePrecision": "exact",
        "description": "",
        "emoji": "💜",
        "kind": "supported_proposal",
        "provenance": "event",
        "sourceId": "sp1",
        "sourceType": "proposal",
        "timestamp": "2025-06-10T00:00:00Z",
        "title": "Biblioteca popular",
      },
      {
        "datePrecision": "exact",
        "description": "",
        "emoji": "✨",
        "kind": "created_proposal",
        "provenance": "event",
        "sourceId": "up1",
        "sourceType": "proposal",
        "timestamp": "2025-04-01T00:00:00Z",
        "title": "Huerto urbano",
      },
      {
        "datePrecision": "exact",
        "description": "",
        "emoji": "🌟",
        "kind": "proposal_converted",
        "provenance": "event",
        "sourceId": "up1",
        "sourceType": "proposal",
        "timestamp": "2025-04-15T00:00:00Z",
        "title": "Huerto urbano",
      },
    ],
    "isDormant": false,
    "milestones": [
      {
        "description": "miraflores",
        "emoji": "✅",
        "kind": "completed_mission",
        "sourceId": "m2",
        "sourceType": "mission",
        "timestamp": "2025-05-20T00:00:00Z",
        "title": "Limpieza de playa",
      },
      {
        "description": "",
        "emoji": "✨",
        "kind": "created_proposal",
        "sourceId": "up1",
        "sourceType": "proposal",
        "timestamp": "2025-04-01T00:00:00Z",
        "title": "Huerto urbano",
      },
      {
        "description": "",
        "emoji": "🌟",
        "kind": "proposal_converted",
        "sourceId": "up1",
        "sourceType": "proposal",
        "timestamp": "2025-04-15T00:00:00Z",
        "title": "Huerto urbano",
      },
      {
        "description": "",
        "emoji": "🎯",
        "kind": "first_mission",
        "sourceId": "m2",
        "sourceType": "mission",
        "timestamp": "2025-05-01T00:00:00Z",
        "title": "Limpieza de playa",
      },
    ],
    "phase": "organizando",
    "phaseLabel": "Organizando",
    "prologue": [
      {
        "datePrecision": "unknown",
        "description": "Costeando",
        "emoji": "🌊",
        "kind": "region_unlocked",
        "provenance": "derived",
        "timestamp": "",
        "title": "costa",
      },
    ],
    "totalBeats": 8,
    "totalMilestones": 4,
  },
  "footprint": {
    "categories": [
      "Medio ambiente",
      "Comunidad",
    ],
    "districtCount": 2,
    "districts": [
      "barranco",
      "miraflores",
    ],
    "missionCount": 2,
    "proposalCount": 2,
    "reach": "local",
    "regions": [
      "costa",
    ],
  },
}
`;
